Descending motifs - one best-fit chord per bar (both staves combined)
Each bar is an independent motif, analyzed on its own (no assumed shared
key or progression across bars - these are not a single continuous piece).
Roman numerals are relative to C, only as a common label frame so bars
match the existing project vocabulary (I/ii/iii/IV/V/vi/i/vidim/viidim);
other labels are new/chromatic bars to review before merging.

    1  I      C     (coverage 100.0%)
    2  I      C     (coverage 100.0%)
    3  I      C     (coverage 100.0%)
    4  I      C     (coverage 100.0%)
    5  I      C     (coverage 100.0%)
    6  I      C     (coverage  50.0%)  <- weak fit, review (passing/transitional?)
    7  I      C     (coverage  87.5%)
    8  I      C     (coverage  50.0%)  <- weak fit, review (passing/transitional?)
    9  I      C     (coverage 100.0%)
   10  I      C     (coverage  87.5%)
   11  I      C     (coverage  75.0%)
   12  I      C     (coverage  75.0%)
   13  I      C     (coverage  87.5%)
   14  I      C     (coverage 100.0%)
   15  I      C     (coverage  75.0%)
   16  I      C     (coverage  83.3%)
   17  I      C     (coverage  83.3%)
   18  I      C     (coverage  87.5%)
   19  I      C     (coverage  87.5%)
   20  V      G     (coverage  58.3%)  <- weak fit, review (passing/transitional?)
   21  I      C     (coverage  58.3%)  <- weak fit, review (passing/transitional?)
   22  I      C     (coverage  75.0%)
   23  IV     F     (coverage  87.5%)
   24  VI     A     (coverage  87.5%)
   25  I      C     (coverage  75.0%)
   26  bVI    Ab    (coverage  87.5%)
   27  V      G     (coverage  75.0%)
   28  I      C     (coverage  75.0%)
   29  III    E     (coverage  75.0%)
   30  III    E     (coverage  75.0%)
   31  V      G     (coverage  75.0%)
   32  II     D     (coverage  75.0%)
   33  I      C     (coverage  75.0%)
   34  IV     F     (coverage 100.0%)
   35  I      C     (coverage 100.0%)
   36  VI     A     (coverage 100.0%)
   37  II     D     (coverage 100.0%)
   38  #idim  C#dim (coverage  75.0%)
