Voice-leading contour analysis (treble voice)
Rule: rising/falling if first and last sounding note differ by more than a
major 3rd (4 semitones); otherwise neither.
Bars analyzed: 351

Overall distribution:
  rising    147  ( 41.9%)
  falling    55  ( 15.7%)
  neither   149  ( 42.5%)

By chord:
  C        (n= 60): rising=18, falling=19, neither=23
  F        (n= 37): rising=16, falling=5, neither=16
  G        (n= 38): rising=17, falling=5, neither=16
  Dm       (n= 35): rising=16, falling=3, neither=16
  Am       (n= 36): rising=16, falling=3, neither=17
  Em       (n= 34): rising=16, falling=3, neither=15
  Cm       (n= 34): rising=16, falling=3, neither=15
  Gm       (n= 34): rising=16, falling=3, neither=15
  Bdim     (n= 35): rising=16, falling=3, neither=16
  A        (n=  2): rising=0, falling=2, neither=0
  G#       (n=  1): rising=0, falling=1, neither=0
  E        (n=  1): rising=0, falling=1, neither=0
  C#m      (n=  1): rising=0, falling=1, neither=0
  D        (n=  2): rising=0, falling=2, neither=0
  C#dim    (n=  1): rising=0, falling=1, neither=0

Per-bar detail (measure, chord, contour, first->last MIDI):
     1  C        neither  60->60
     2  C        neither  60->64
     3  C        rising   60->65
     4  C        rising   60->72
     5  C        rising   60->72
     6  C        rising   60->65
     7  C        rising   64->69
     8  C        rising   67->72
     9  C        neither  72->74
    10  C        rising   67->72
    11  C        neither  72->74
    12  C        neither  72->76
    13  C        falling  72->65
    14  C        neither  76->76
    15  C        falling  76->67
    16  C        neither  76->72
    17  C        neither  67->71
    18  C        neither  76->79
    19  C        rising   67->72
    20  C        neither  64->67
    21  C        rising   60->67
    22  C        rising   67->76
    23  C        rising   60->76
    24  C        rising   64->72
    25  C        rising   67->76
    26  C        neither  67->71
    27  C        rising   72->79
    28  C        neither  72->72
    29  C        neither  72->76
    30  C        rising   67->72
    31  C        neither  72->72
    32  C        falling  76->69
    33  C        rising   67->77
    34  C        neither  76->72
    35  C        neither  67->64
    36  F        neither  65->65
    37  F        neither  65->69
    38  F        rising   65->70
    39  F        rising   65->77
    40  F        rising   65->77
    41  F        rising   65->70
    42  F        rising   69->74
    43  F        rising   72->77
    44  F        neither  77->79
    45  F        rising   72->77
    46  F        neither  77->79
    47  F        neither  77->81
    48  F        falling  77->70
    49  F        neither  81->81
    50  F        falling  81->72
    51  F        neither  81->77
    52  F        neither  72->76
    53  F        neither  81->84
    54  F        rising   72->77
    55  F        neither  69->72
    56  F        rising   65->72
    57  F        rising   72->81
    58  F        rising   65->81
    59  F        rising   69->77
    60  F        rising   72->81
    61  F        neither  72->76
    62  F        rising   77->84
    63  F        neither  77->77
    64  F        neither  77->81
    65  F        rising   72->77
    66  F        neither  77->77
    67  F        falling  81->74
    68  F        rising   72->82
    69  F        neither  81->77
    70  F        neither  72->69
    71  G        neither  67->67
    72  G        neither  67->71
    73  G        rising   67->72
    74  G        rising   67->79
    75  G        rising   67->79
    76  G        rising   67->72
    77  G        rising   71->76
    78  G        rising   74->79
    79  G        neither  79->81
    80  G        rising   74->79
    81  G        neither  79->81
    82  G        neither  79->83
    83  G        falling  79->72
    84  G        neither  83->83
    85  G        falling  83->74
    86  G        neither  83->79
    87  G        neither  74->78
    88  G        neither  83->86
    89  G        rising   74->79
    90  G        neither  71->74
    91  G        rising   67->74
    92  G        rising   74->83
    93  G        rising   67->83
    94  G        rising   71->79
    95  G        rising   74->83
    96  G        neither  74->78
    97  G        rising   79->86
    98  G        neither  79->79
    99  G        neither  79->83
   100  G        rising   74->79
   101  G        neither  79->79
   102  G        falling  83->76
   103  G        rising   74->84
   104  G        neither  83->79
   105  G        neither  74->71
   106  Dm       neither  62->62
   107  Dm       neither  62->65
   108  Dm       rising   62->67
   109  Dm       rising   62->74
   110  Dm       rising   62->74
   111  Dm       rising   62->67
   112  Dm       rising   65->70
   113  Dm       rising   69->74
   114  Dm       neither  74->76
   115  Dm       rising   69->74
   116  Dm       neither  74->76
   117  Dm       neither  74->77
   118  Dm       falling  74->67
   119  Dm       neither  77->77
   120  Dm       falling  77->69
   121  Dm       neither  77->74
   122  Dm       neither  69->72
   123  Dm       neither  77->81
   124  Dm       rising   69->74
   125  Dm       neither  65->69
   126  Dm       rising   62->69
   127  Dm       rising   69->77
   128  Dm       rising   62->77
   129  Dm       rising   65->74
   130  Dm       rising   69->77
   131  Dm       neither  69->72
   132  Dm       rising   74->81
   133  Dm       neither  74->74
   134  Dm       neither  74->77
   135  Dm       rising   69->74
   136  Dm       neither  74->74
   137  Dm       falling  77->70
   138  Dm       rising   69->79
   139  Dm       neither  77->74
   140  Dm       neither  69->65
   141  Am       neither  57->57
   142  Am       neither  57->60
   143  Am       rising   57->62
   144  Am       rising   57->69
   145  Am       rising   57->69
   146  Am       rising   57->62
   147  Am       rising   60->65
   148  Am       rising   64->69
   149  Am       neither  69->71
   150  Am       rising   64->69
   151  Am       neither  69->71
   152  Am       neither  69->72
   153  Am       falling  69->62
   154  Am       neither  72->72
   155  Am       falling  72->64
   156  Am       neither  72->69
   157  Am       neither  64->67
   158  Am       neither  72->76
   159  Am       rising   64->69
   160  Am       neither  60->64
   161  Am       rising   57->64
   162  Am       rising   64->72
   163  Am       rising   57->72
   164  Am       rising   60->69
   165  Am       rising   64->72
   166  Am       neither  64->67
   167  Am       rising   69->76
   168  Am       neither  69->69
   169  Am       neither  69->72
   170  Am       rising   64->69
   171  Am       neither  69->69
   172  Am       falling  72->65
   173  Am       rising   64->74
   174  Am       neither  72->69
   175  Am       neither  64->60
   176  Am       neither  57->57
   177  Em       neither  64->67
   178  Em       rising   64->69
   179  Em       rising   64->76
   180  Em       rising   64->76
   181  Em       rising   64->69
   182  Em       rising   67->72
   183  Em       rising   71->76
   184  Em       neither  76->78
   185  Em       rising   71->76
   186  Em       neither  76->78
   187  Em       neither  76->79
   188  Em       falling  76->69
   189  Em       neither  79->79
   190  Em       falling  79->71
   191  Em       neither  79->76
   192  Em       neither  71->74
   193  Em       neither  79->83
   194  Em       rising   71->76
   195  Em       neither  67->71
   196  Em       rising   64->71
   197  Em       rising   71->79
   198  Em       rising   64->79
   199  Em       rising   67->76
   200  Em       rising   71->79
   201  Em       neither  71->74
   202  Em       rising   76->83
   203  Em       neither  76->76
   204  Em       neither  76->79
   205  Em       rising   71->76
   206  Em       neither  76->76
   207  Em       falling  79->72
   208  Em       rising   71->81
   209  Em       neither  79->76
   210  Em       neither  71->67
   211  Cm       neither  60->63
   212  Cm       rising   60->65
   213  Cm       rising   60->72
   214  Cm       rising   60->72
   215  Cm       rising   60->65
   216  Cm       rising   63->68
   217  Cm       rising   67->72
   218  Cm       neither  72->74
   219  Cm       rising   67->72
   220  Cm       neither  72->74
   221  Cm       neither  72->75
   222  Cm       falling  72->65
   223  Cm       neither  75->75
   224  Cm       falling  75->67
   225  Cm       neither  75->72
   226  Cm       neither  67->70
   227  Cm       neither  75->79
   228  Cm       rising   67->72
   229  Cm       neither  63->67
   230  Cm       rising   60->67
   231  Cm       rising   67->75
   232  Cm       rising   60->75
   233  Cm       rising   63->72
   234  Cm       rising   67->75
   235  Cm       neither  67->70
   236  Cm       rising   72->79
   237  Cm       neither  72->72
   238  Cm       neither  72->75
   239  Cm       rising   67->72
   240  Cm       neither  72->72
   241  Cm       falling  75->68
   242  Cm       rising   67->77
   243  Cm       neither  75->72
   244  Cm       neither  67->63
   245  Gm       neither  67->70
   246  Gm       rising   67->72
   247  Gm       rising   67->79
   248  Gm       rising   67->79
   249  Gm       rising   67->72
   250  Gm       rising   70->75
   251  Gm       rising   74->79
   252  Gm       neither  79->81
   253  Gm       rising   74->79
   254  Gm       neither  79->81
   255  Gm       neither  79->82
   256  Gm       falling  79->72
   257  Gm       neither  82->82
   258  Gm       falling  82->74
   259  Gm       neither  82->79
   260  Gm       neither  74->77
   261  Gm       neither  82->86
   262  Gm       rising   74->79
   263  Gm       neither  70->74
   264  Gm       rising   67->74
   265  Gm       rising   74->82
   266  Gm       rising   67->82
   267  Gm       rising   70->79
   268  Gm       rising   74->82
   269  Gm       neither  74->77
   270  Gm       rising   79->86
   271  Gm       neither  79->79
   272  Gm       neither  79->82
   273  Gm       rising   74->79
   274  Gm       neither  79->79
   275  Gm       falling  82->75
   276  Gm       rising   74->84
   277  Gm       neither  82->79
   278  Gm       neither  74->70
   279  Bdim     neither  None->None
   280  Bdim     neither  59->62
   281  Bdim     rising   59->64
   282  Bdim     rising   59->71
   283  Bdim     rising   59->71
   284  Bdim     rising   59->64
   285  Bdim     rising   62->67
   286  Bdim     rising   65->71
   287  Bdim     neither  71->73
   288  Bdim     rising   65->71
   289  Bdim     neither  71->73
   290  Bdim     neither  71->74
   291  Bdim     falling  71->64
   292  Bdim     neither  74->74
   293  Bdim     falling  74->65
   294  Bdim     neither  74->71
   295  Bdim     neither  65->69
   296  Bdim     neither  74->77
   297  Bdim     rising   65->71
   298  Bdim     neither  62->65
   299  Bdim     rising   59->65
   300  Bdim     rising   65->74
   301  Bdim     rising   59->74
   302  Bdim     rising   62->71
   303  Bdim     rising   65->74
   304  Bdim     neither  65->69
   305  Bdim     rising   71->77
   306  Bdim     neither  71->71
   307  Bdim     neither  71->74
   308  Bdim     rising   65->71
   309  Bdim     neither  71->71
   310  Bdim     falling  74->67
   311  Bdim     rising   65->76
   312  Bdim     neither  74->71
   313  Bdim     neither  65->62
  1001  C        neither  72->72
  1002  C        neither  76->72
  1003  C        neither  79->76
  1004  C        neither  76->76
  1005  C        neither  79->79
  1006  C        falling  79->74
  1007  C        neither  76->76
  1008  C        falling  72->67
  1009  C        neither  67->64
  1010  C        falling  67->60
  1011  C        falling  79->71
  1012  C        falling  72->64
  1013  C        falling  79->67
  1014  C        falling  76->64
  1015  C        falling  72->60
  1016  C        falling  84->72
  1017  C        falling  79->67
  1018  C        falling  84->72
  1019  C        rising   72->84
  1020  G        rising   67->79
  1021  C        rising   72->84
  1022  C        falling  79->72
  1023  F        falling  84->77
  1024  A        falling  76->69
  1025  C        falling  67->60
  1026  G#       falling  75->68
  1027  G        falling  74->66
  1028  C        falling  67->59
  1029  E        falling  83->75
  1030  C#m      falling  76->68
  1031  G        falling  74->67
  1032  D        falling  69->62
  1033  C        falling  67->60
  1034  F        falling  77->69
  1035  C        falling  84->76
  1036  A        falling  81->73
  1037  D        falling  86->78
  1038  C#dim    falling  82->70
